
> sidakota@0.1.0 build
> next build

Γû▓ Next.js 16.1.6 (Turbopack)
- Environments: .env.local

  Creating an optimized production build ...
node.exe : 
At line:1 char:1
+ & "C:\Program 
Files\nodejs/node.exe" 
"C:\Users\BANGDAY\AppDa
ta\Roamin ...
+ ~~~~~~~~~~~~~~~~~~~~~
~~~~~~~~~~~~~~~~~~~~~~~
~~~~~~~~~~~~~~~~~~~~~~~
~~
    + CategoryInfo     
         : NotSpecifi  
  ed: (:String) [],    
 RemoteException
    + FullyQualifiedEr 
   rorId : NativeComm  
  andError
 
> Build error occurred
Error: Turbopack build 
failed with 1 errors:
./src/app/data/sosial/p
age.tsx
Reading source code 
for parsing failed
An unexpected error 
happened while trying 
to read the source 
code to parse: failed 
to convert rope into 
string

Caused by:
- invalid utf-8 
sequence of 1 bytes 
from index 14756


    at ignore-listed 
frames
